[22:31:01] [ServerMain/INFO]: Environment: authHost='https://authserver.mojang.com', accountsHost='https://api.mojang.com', sessionHost='https://sessionserver.mojang.com', servicesHost='https://api.minecraftservices.com', name='PROD'
[22:31:05] [ServerMain/INFO]: Loaded 7 recipes
[22:31:05] [ServerMain/INFO]: Loaded 1271 advancements
[22:31:06] [Server thread/INFO]: Starting minecraft server version 1.20.1
[22:31:06] [Server thread/INFO]: Loading properties
[22:31:06] [Server thread/INFO]: Default game type: SURVIVAL
[22:31:06] [Server thread/INFO]: Generating keypair
[22:31:06] [Server thread/INFO]: Starting Minecraft server on *:25565
[22:31:07] [Server thread/INFO]: Using default channel type
[22:31:07] [Server thread/WARN]: **** SERVER IS RUNNING IN OFFLINE/INSECURE MODE!
[22:31:07] [Server thread/WARN]: The server will make no attempt to authenticate usernames. Beware.
[22:31:07] [Server thread/WARN]: While this makes the game possible to play without internet access, it also opens up the ability for hackers to connect with any username they choose.
[22:31:07] [Server thread/WARN]: To change this, set "online-mode" to "true" in the server.properties file.
[22:31:07] [Server thread/INFO]: Preparing level "world"
[22:31:13] [Server thread/INFO]: Preparing start region for dimension minecraft:overworld
[22:31:14] [Worker-Main-1/INFO]: Preparing spawn area: 0%
[22:31:14] [Worker-Main-1/INFO]: Preparing spawn area: 0%
[22:31:14] [Worker-Main-11/INFO]: Preparing spawn area: 0%
[22:31:14] [Worker-Main-3/INFO]: Preparing spawn area: 0%
[22:31:15] [Worker-Main-12/INFO]: Preparing spawn area: 0%
[22:31:15] [Worker-Main-12/INFO]: Preparing spawn area: 0%
[22:31:16] [Worker-Main-1/INFO]: Preparing spawn area: 0%
[22:31:16] [Worker-Main-15/INFO]: Preparing spawn area: 1%
[22:31:17] [Worker-Main-15/INFO]: Preparing spawn area: 1%
[22:31:17] [Worker-Main-7/INFO]: Preparing spawn area: 2%
[22:31:18] [Worker-Main-2/INFO]: Preparing spawn area: 3%
[22:31:18] [Worker-Main-3/INFO]: Preparing spawn area: 4%
[22:31:19] [Worker-Main-10/INFO]: Preparing spawn area: 6%
[22:31:19] [Worker-Main-1/INFO]: Preparing spawn area: 6%
[22:31:20] [Worker-Main-10/INFO]: Preparing spawn area: 9%
[22:31:20] [Worker-Main-6/INFO]: Preparing spawn area: 10%
[22:31:21] [Worker-Main-10/INFO]: Preparing spawn area: 12%
[22:31:21] [Worker-Main-10/INFO]: Preparing spawn area: 15%
[22:31:22] [Worker-Main-14/INFO]: Preparing spawn area: 15%
[22:31:22] [Worker-Main-6/INFO]: Preparing spawn area: 16%
[22:31:24] [Worker-Main-15/INFO]: Preparing spawn area: 17%
[22:31:24] [Worker-Main-15/INFO]: Preparing spawn area: 17%
[22:31:24] [Worker-Main-13/INFO]: Preparing spawn area: 18%
[22:31:24] [Worker-Main-14/INFO]: Preparing spawn area: 21%
[22:31:25] [Worker-Main-14/INFO]: Preparing spawn area: 23%
[22:31:25] [Worker-Main-4/INFO]: Preparing spawn area: 25%
[22:31:26] [Worker-Main-6/INFO]: Preparing spawn area: 28%
[22:31:26] [Worker-Main-1/INFO]: Preparing spawn area: 31%
[22:31:27] [Worker-Main-15/INFO]: Preparing spawn area: 33%
[22:31:27] [Worker-Main-8/INFO]: Preparing spawn area: 35%
[22:31:28] [Worker-Main-2/INFO]: Preparing spawn area: 38%
[22:31:28] [Worker-Main-14/INFO]: Preparing spawn area: 41%
[22:31:29] [Worker-Main-11/INFO]: Preparing spawn area: 43%
[22:31:29] [Worker-Main-8/INFO]: Preparing spawn area: 45%
[22:31:30] [Worker-Main-11/INFO]: Preparing spawn area: 48%
[22:31:30] [Worker-Main-14/INFO]: Preparing spawn area: 51%
[22:31:31] [Worker-Main-11/INFO]: Preparing spawn area: 54%
[22:31:31] [Worker-Main-11/INFO]: Preparing spawn area: 57%
[22:31:32] [Worker-Main-7/INFO]: Preparing spawn area: 58%
[22:31:32] [Worker-Main-2/INFO]: Preparing spawn area: 62%
[22:31:33] [Worker-Main-3/INFO]: Preparing spawn area: 65%
[22:31:33] [Worker-Main-11/INFO]: Preparing spawn area: 68%
[22:31:34] [Worker-Main-3/INFO]: Preparing spawn area: 69%
[22:31:34] [Worker-Main-5/INFO]: Preparing spawn area: 75%
[22:31:35] [Worker-Main-3/INFO]: Preparing spawn area: 78%
[22:31:35] [Worker-Main-13/INFO]: Preparing spawn area: 81%
[22:31:36] [Worker-Main-9/INFO]: Preparing spawn area: 83%
[22:31:36] [Worker-Main-4/INFO]: Preparing spawn area: 83%
[22:31:37] [Worker-Main-1/INFO]: Preparing spawn area: 85%
[22:31:37] [Worker-Main-9/INFO]: Preparing spawn area: 89%
[22:31:38] [Worker-Main-14/INFO]: Preparing spawn area: 93%
[22:31:38] [Worker-Main-13/INFO]: Preparing spawn area: 96%
[22:31:39] [Server thread/INFO]: Time elapsed: 25776 ms
[22:31:39] [Server thread/INFO]: Done (31.528s)! For help, type "help"
[22:33:31] [Server thread/INFO]: /127.0.0.1:51356 lost connection: Internal Exception: java.lang.IllegalStateException: Invalid characters in username
[22:33:39] [Server thread/INFO]: XinHaiHai[/127.0.0.1:51368] logged in with entity id 255 at (-45.5, 63.0, -18.5)
[22:33:39] [Server thread/INFO]: XinHaiHai joined the game
[22:33:42] [Server thread/INFO]: [Not Secure] <XinHaiHai> ÷˜»À£¨Œ·¿¥¿≤~
[22:33:53] [Server thread/INFO]: XinHaiHai lost connection: Disconnected
[22:33:53] [Server thread/INFO]: XinHaiHai left the game
